Running 1 instances...
All instances run.
Cleaning cached images...
Removed 0 images.
Total instances: 1
Instances submitted: 1
Instances completed: 1
Instances incomplete: 0
Instances resolved: 1
Instances unresolved: 0
Instances with empty patches: 0
Instances with errors: 0
Unstopped containers: 0
Unremoved images: 1
Report written to sweagent-output.modal-verified-exact-fix.json

STDERR:
<frozen runpy>:128: RuntimeWarning: 'swebench.harness.run_evaluation' found in sys.modules after import of package 'swebench.harness', but prior to execution of 'swebench.harness.run_evaluation'; this may result in unpredictable behaviour
2026-08-21 16:27:26,358 - httpx - INFO - HTTP Request: GET https://huggingface.co/api/agent-harnesses "HTTP/1.1 200 OK"
2026-08-21 16:27:26,378 - httpx - INFO - HTTP Request: HEAD https://huggingface.co/datasets/SWE-bench/SWE-bench_Verified/resolve/main/README.md "HTTP/1.1 307 Temporary Redirect"
Warning: You are sending unauthenticated requests to the HF Hub. Please set a HF_TOKEN to enable higher rate limits and faster downloads.
2026-08-21 16:27:26,379 - huggingface_hub.utils._http - WARNING - Warning: You are sending unauthenticated requests to the HF Hub. Please set a HF_TOKEN to enable higher rate limits and faster downloads.
2026-08-21 16:27:26,383 - httpx - INFO - HTTP Request: HEAD https://huggingface.co/api/resolve-cache/datasets/SWE-bench/SWE-bench_Verified/78f471bf655a3137b2e8a75af1501690ec009ec3/README.md "HTTP/1.1 200 OK"
2026-08-21 16:27:26,389 - httpx - INFO - HTTP Request: GET https://huggingface.co/api/resolve-cache/datasets/SWE-bench/SWE-bench_Verified/78f471bf655a3137b2e8a75af1501690ec009ec3/README.md "HTTP/1.1 200 OK"
2026-08-21 16:27:26,412 - httpx - INFO - HTTP Request: HEAD https://huggingface.co/datasets/SWE-bench/SWE-bench_Verified/resolve/78f471bf655a3137b2e8a75af1501690ec009ec3/SWE-bench_Verified.py "HTTP/1.1 404 Not Found"
2026-08-21 16:27:26,458 - httpx - INFO - HTTP Request: HEAD https://s3.amazonaws.com/datasets.huggingface.co/datasets/datasets/SWE-bench/SWE-bench_Verified/SWE-bench/SWE-bench_Verified.py "HTTP/1.1 404 Not Found"
2026-08-21 16:27:26,481 - httpx - INFO - HTTP Request: GET https://huggingface.co/api/datasets/SWE-bench/SWE-bench_Verified/revision/78f471bf655a3137b2e8a75af1501690ec009ec3 "HTTP/1.1 200 OK"
2026-08-21 16:27:26,501 - httpx - INFO - HTTP Request: HEAD https://huggingface.co/datasets/SWE-bench/SWE-bench_Verified/resolve/78f471bf655a3137b2e8a75af1501690ec009ec3/.huggingface.yaml "HTTP/1.1 404 Not Found"
2026-08-21 16:27:26,544 - httpx - INFO - HTTP Request: GET https://datasets-server.huggingface.co/info?dataset=SWE-bench/SWE-bench_Verified "HTTP/1.1 200 OK"
2026-08-21 16:27:26,572 - httpx - INFO - HTTP Request: GET https://huggingface.co/api/datasets/SWE-bench/SWE-bench_Verified/tree/78f471bf655a3137b2e8a75af1501690ec009ec3/data?recursive=true&expand=false "HTTP/1.1 200 OK"
2026-08-21 16:27:26,595 - httpx - INFO - HTTP Request: GET https://huggingface.co/api/datasets/SWE-bench/SWE-bench_Verified/tree/78f471bf655a3137b2e8a75af1501690ec009ec3?recursive=false&expand=false "HTTP/1.1 200 OK"
2026-08-21 16:27:26,622 - httpx - INFO - HTTP Request: HEAD https://huggingface.co/datasets/SWE-bench/SWE-bench_Verified/resolve/78f471bf655a3137b2e8a75af1501690ec009ec3/dataset_infos.json "HTTP/1.1 404 Not Found"
2026-08-21 16:27:26,653 - httpx - INFO - HTTP Request: HEAD https://huggingface.co/datasets/SWE-bench/SWE-bench_Verified/resolve/78f471bf655a3137b2e8a75af1501690ec009ec3/data/test-00000-of-00001.parquet "HTTP/1.1 302 Found"
Generating test split:   0%|          | 0/500 [00:00<?, ? examples/s]Generating test split: 100%|██████████| 500/500 [00:00<00:00, 17480.78 examples/s]
2026-08-21 16:27:27,209 - httpx - INFO - HTTP Request: HEAD https://huggingface.co/datasets/SWE-bench/SWE-bench_Verified/resolve/main/README.md "HTTP/1.1 307 Temporary Redirect"
2026-08-21 16:27:27,218 - httpx - INFO - HTTP Request: HEAD https://huggingface.co/api/resolve-cache/datasets/SWE-bench/SWE-bench_Verified/78f471bf655a3137b2e8a75af1501690ec009ec3/README.md "HTTP/1.1 200 OK"
2026-08-21 16:27:27,241 - httpx - INFO - HTTP Request: HEAD https://huggingface.co/datasets/SWE-bench/SWE-bench_Verified/resolve/78f471bf655a3137b2e8a75af1501690ec009ec3/SWE-bench_Verified.py "HTTP/1.1 404 Not Found"
2026-08-21 16:27:27,257 - httpx - INFO - HTTP Request: HEAD https://s3.amazonaws.com/datasets.huggingface.co/datasets/datasets/SWE-bench/SWE-bench_Verified/SWE-bench/SWE-bench_Verified.py "HTTP/1.1 404 Not Found"
2026-08-21 16:27:27,280 - httpx - INFO - HTTP Request: HEAD https://huggingface.co/datasets/SWE-bench/SWE-bench_Verified/resolve/78f471bf655a3137b2e8a75af1501690ec009ec3/.huggingface.yaml "HTTP/1.1 404 Not Found"
2026-08-21 16:27:27,313 - httpx - INFO - HTTP Request: GET https://datasets-server.huggingface.co/info?dataset=SWE-bench/SWE-bench_Verified "HTTP/1.1 200 OK"
2026-08-21 16:27:27,335 - httpx - INFO - HTTP Request: HEAD https://huggingface.co/datasets/SWE-bench/SWE-bench_Verified/resolve/78f471bf655a3137b2e8a75af1501690ec009ec3/dataset_infos.json "HTTP/1.1 404 Not Found"
Evaluation:   0%|          | 0/1 [00:00<?, ?it/s, error=0, ✓=0, ✖=0]Evaluation:   0%|          | 0/1 [01:13<?, ?it/s, ✓=1, ✖=0, error=0]Evaluation: 100%|██████████| 1/1 [01:13<00:00, 73.98s/it, ✓=1, ✖=0, error=0]Evaluation: 100%|██████████| 1/1 [01:13<00:00, 73.98s/it, ✓=1, ✖=0, error=0]
