Running 1 instances...
All instances run.
Cleaning cached images...
Removed 0 images.
Total instances: 1
Instances submitted: 1
Instances completed: 1
Instances incomplete: 0
Instances resolved: 1
Instances unresolved: 0
Instances with empty patches: 0
Instances with errors: 0
Unstopped containers: 0
Unremoved images: 1
Report written to sweagent-output.modal-lite-fifth-instance-derived-clean.json

STDERR:
<frozen runpy>:128: RuntimeWarning: 'swebench.harness.run_evaluation' found in sys.modules after import of package 'swebench.harness', but prior to execution of 'swebench.harness.run_evaluation'; this may result in unpredictable behaviour
2026-08-21 18:11:36,212 - httpx - INFO - HTTP Request: GET https://huggingface.co/api/agent-harnesses "HTTP/1.1 200 OK"
2026-08-21 18:11:36,248 - httpx - INFO - HTTP Request: HEAD https://huggingface.co/datasets/SWE-bench/SWE-bench_Lite/resolve/main/README.md "HTTP/1.1 307 Temporary Redirect"
2026-08-21 18:11:36,254 - httpx - INFO - HTTP Request: HEAD https://huggingface.co/api/resolve-cache/datasets/SWE-bench/SWE-bench_Lite/b0dde1093fe417d83b7184254edf8199c1f0dff5/README.md "HTTP/1.1 200 OK"
2026-08-21 18:11:36,261 - httpx - INFO - HTTP Request: GET https://huggingface.co/api/resolve-cache/datasets/SWE-bench/SWE-bench_Lite/b0dde1093fe417d83b7184254edf8199c1f0dff5/README.md "HTTP/1.1 200 OK"
2026-08-21 18:11:36,306 - httpx - INFO - HTTP Request: HEAD https://huggingface.co/datasets/SWE-bench/SWE-bench_Lite/resolve/b0dde1093fe417d83b7184254edf8199c1f0dff5/SWE-bench_Lite.py "HTTP/1.1 404 Not Found"
Warning: You are sending unauthenticated requests to the HF Hub. Please set a HF_TOKEN to enable higher rate limits and faster downloads.
2026-08-21 18:11:36,307 - huggingface_hub.utils._http - WARNING - Warning: You are sending unauthenticated requests to the HF Hub. Please set a HF_TOKEN to enable higher rate limits and faster downloads.
2026-08-21 18:11:36,404 - httpx - INFO - HTTP Request: HEAD https://s3.amazonaws.com/datasets.huggingface.co/datasets/datasets/SWE-bench/SWE-bench_Lite/SWE-bench/SWE-bench_Lite.py "HTTP/1.1 404 Not Found"
2026-08-21 18:11:36,446 - httpx - INFO - HTTP Request: GET https://huggingface.co/api/datasets/SWE-bench/SWE-bench_Lite/revision/b0dde1093fe417d83b7184254edf8199c1f0dff5 "HTTP/1.1 200 OK"
2026-08-21 18:11:36,485 - httpx - INFO - HTTP Request: HEAD https://huggingface.co/datasets/SWE-bench/SWE-bench_Lite/resolve/b0dde1093fe417d83b7184254edf8199c1f0dff5/.huggingface.yaml "HTTP/1.1 404 Not Found"
2026-08-21 18:11:36,550 - httpx - INFO - HTTP Request: GET https://datasets-server.huggingface.co/info?dataset=SWE-bench/SWE-bench_Lite "HTTP/1.1 200 OK"
2026-08-21 18:11:36,596 - httpx - INFO - HTTP Request: GET https://huggingface.co/api/datasets/SWE-bench/SWE-bench_Lite/tree/b0dde1093fe417d83b7184254edf8199c1f0dff5/data?recursive=true&expand=false "HTTP/1.1 200 OK"
2026-08-21 18:11:36,640 - httpx - INFO - HTTP Request: GET https://huggingface.co/api/datasets/SWE-bench/SWE-bench_Lite/tree/b0dde1093fe417d83b7184254edf8199c1f0dff5?recursive=false&expand=false "HTTP/1.1 200 OK"
2026-08-21 18:11:36,681 - httpx - INFO - HTTP Request: HEAD https://huggingface.co/datasets/SWE-bench/SWE-bench_Lite/resolve/b0dde1093fe417d83b7184254edf8199c1f0dff5/dataset_infos.json "HTTP/1.1 404 Not Found"
2026-08-21 18:11:36,727 - httpx - INFO - HTTP Request: HEAD https://huggingface.co/datasets/SWE-bench/SWE-bench_Lite/resolve/b0dde1093fe417d83b7184254edf8199c1f0dff5/data/test-00000-of-00001.parquet "HTTP/1.1 302 Found"
2026-08-21 18:11:37,332 - httpx - INFO - HTTP Request: HEAD https://huggingface.co/datasets/SWE-bench/SWE-bench_Lite/resolve/b0dde1093fe417d83b7184254edf8199c1f0dff5/data/dev-00000-of-00001.parquet "HTTP/1.1 302 Found"
Generating test split:   0%|          | 0/300 [00:00<?, ? examples/s]Generating test split: 100%|██████████| 300/300 [00:00<00:00, 16043.90 examples/s]
Generating dev split:   0%|          | 0/23 [00:00<?, ? examples/s]Generating dev split: 100%|██████████| 23/23 [00:00<00:00, 6735.25 examples/s]
2026-08-21 18:11:37,833 - httpx - INFO - HTTP Request: HEAD https://huggingface.co/datasets/SWE-bench/SWE-bench_Lite/resolve/main/README.md "HTTP/1.1 307 Temporary Redirect"
2026-08-21 18:11:37,839 - httpx - INFO - HTTP Request: HEAD https://huggingface.co/api/resolve-cache/datasets/SWE-bench/SWE-bench_Lite/b0dde1093fe417d83b7184254edf8199c1f0dff5/README.md "HTTP/1.1 200 OK"
2026-08-21 18:11:37,881 - httpx - INFO - HTTP Request: HEAD https://huggingface.co/datasets/SWE-bench/SWE-bench_Lite/resolve/b0dde1093fe417d83b7184254edf8199c1f0dff5/SWE-bench_Lite.py "HTTP/1.1 404 Not Found"
2026-08-21 18:11:37,917 - httpx - INFO - HTTP Request: HEAD https://s3.amazonaws.com/datasets.huggingface.co/datasets/datasets/SWE-bench/SWE-bench_Lite/SWE-bench/SWE-bench_Lite.py "HTTP/1.1 404 Not Found"
2026-08-21 18:11:37,960 - httpx - INFO - HTTP Request: HEAD https://huggingface.co/datasets/SWE-bench/SWE-bench_Lite/resolve/b0dde1093fe417d83b7184254edf8199c1f0dff5/.huggingface.yaml "HTTP/1.1 404 Not Found"
2026-08-21 18:11:38,009 - httpx - INFO - HTTP Request: GET https://datasets-server.huggingface.co/info?dataset=SWE-bench/SWE-bench_Lite "HTTP/1.1 200 OK"
2026-08-21 18:11:38,049 - httpx - INFO - HTTP Request: HEAD https://huggingface.co/datasets/SWE-bench/SWE-bench_Lite/resolve/b0dde1093fe417d83b7184254edf8199c1f0dff5/dataset_infos.json "HTTP/1.1 404 Not Found"
Evaluation:   0%|          | 0/1 [00:00<?, ?it/s, error=0, ✓=0, ✖=0]Evaluation:   0%|          | 0/1 [00:44<?, ?it/s, ✓=1, ✖=0, error=0]Evaluation: 100%|██████████| 1/1 [00:44<00:00, 44.35s/it, ✓=1, ✖=0, error=0]Evaluation: 100%|██████████| 1/1 [00:44<00:00, 44.35s/it, ✓=1, ✖=0, error=0]
