Running 1 instances...
astropy__astropy-14182: >>>>> Patch Apply Failed:
patching file astropy/io/ascii/rst.py
Reversed (or previously applied) patch detected!  Assuming -R.
Hunk #2 FAILED at 65.
1 out of 2 hunks FAILED -- saving rejects to file astropy/io/ascii/rst.py.rej

Check (logs/run_evaluation/modal-lite-second-instance-derived-clean-v2/sweagent-output/astropy__astropy-14182/run_instance.log) for more information.
All instances run.
Cleaning cached images...
Removed 0 images.
Total instances: 1
Instances submitted: 1
Instances completed: 0
Instances incomplete: 0
Instances resolved: 0
Instances unresolved: 0
Instances with empty patches: 0
Instances with errors: 1
Unstopped containers: 0
Unremoved images: 1
Report written to sweagent-output.modal-lite-second-instance-derived-clean-v2.json

STDERR:
<frozen runpy>:128: RuntimeWarning: 'swebench.harness.run_evaluation' found in sys.modules after import of package 'swebench.harness', but prior to execution of 'swebench.harness.run_evaluation'; this may result in unpredictable behaviour
2026-08-21 17:35:52,325 - httpx - INFO - HTTP Request: GET https://huggingface.co/api/agent-harnesses "HTTP/1.1 200 OK"
2026-08-21 17:35:52,439 - httpx - INFO - HTTP Request: HEAD https://huggingface.co/datasets/SWE-bench/SWE-bench_Lite/resolve/main/README.md "HTTP/1.1 307 Temporary Redirect"
Warning: You are sending unauthenticated requests to the HF Hub. Please set a HF_TOKEN to enable higher rate limits and faster downloads.
2026-08-21 17:35:52,439 - huggingface_hub.utils._http - WARNING - Warning: You are sending unauthenticated requests to the HF Hub. Please set a HF_TOKEN to enable higher rate limits and faster downloads.
2026-08-21 17:35:52,450 - httpx - INFO - HTTP Request: HEAD https://huggingface.co/api/resolve-cache/datasets/SWE-bench/SWE-bench_Lite/b0dde1093fe417d83b7184254edf8199c1f0dff5/README.md "HTTP/1.1 200 OK"
2026-08-21 17:35:52,462 - httpx - INFO - HTTP Request: GET https://huggingface.co/api/resolve-cache/datasets/SWE-bench/SWE-bench_Lite/b0dde1093fe417d83b7184254edf8199c1f0dff5/README.md "HTTP/1.1 200 OK"
2026-08-21 17:35:52,580 - httpx - INFO - HTTP Request: HEAD https://huggingface.co/datasets/SWE-bench/SWE-bench_Lite/resolve/b0dde1093fe417d83b7184254edf8199c1f0dff5/SWE-bench_Lite.py "HTTP/1.1 404 Not Found"
2026-08-21 17:35:52,853 - httpx - INFO - HTTP Request: HEAD https://s3.amazonaws.com/datasets.huggingface.co/datasets/datasets/SWE-bench/SWE-bench_Lite/SWE-bench/SWE-bench_Lite.py "HTTP/1.1 404 Not Found"
2026-08-21 17:35:52,969 - httpx - INFO - HTTP Request: GET https://huggingface.co/api/datasets/SWE-bench/SWE-bench_Lite/revision/b0dde1093fe417d83b7184254edf8199c1f0dff5 "HTTP/1.1 200 OK"
2026-08-21 17:35:53,102 - httpx - INFO - HTTP Request: HEAD https://huggingface.co/datasets/SWE-bench/SWE-bench_Lite/resolve/b0dde1093fe417d83b7184254edf8199c1f0dff5/.huggingface.yaml "HTTP/1.1 404 Not Found"
2026-08-21 17:35:53,254 - httpx - INFO - HTTP Request: GET https://datasets-server.huggingface.co/info?dataset=SWE-bench/SWE-bench_Lite "HTTP/1.1 200 OK"
2026-08-21 17:35:53,389 - httpx - INFO - HTTP Request: GET https://huggingface.co/api/datasets/SWE-bench/SWE-bench_Lite/tree/b0dde1093fe417d83b7184254edf8199c1f0dff5/data?recursive=true&expand=false "HTTP/1.1 200 OK"
2026-08-21 17:35:53,503 - httpx - INFO - HTTP Request: GET https://huggingface.co/api/datasets/SWE-bench/SWE-bench_Lite/tree/b0dde1093fe417d83b7184254edf8199c1f0dff5?recursive=false&expand=false "HTTP/1.1 200 OK"
2026-08-21 17:35:53,620 - httpx - INFO - HTTP Request: HEAD https://huggingface.co/datasets/SWE-bench/SWE-bench_Lite/resolve/b0dde1093fe417d83b7184254edf8199c1f0dff5/dataset_infos.json "HTTP/1.1 404 Not Found"
2026-08-21 17:35:53,740 - httpx - INFO - HTTP Request: HEAD https://huggingface.co/datasets/SWE-bench/SWE-bench_Lite/resolve/b0dde1093fe417d83b7184254edf8199c1f0dff5/data/test-00000-of-00001.parquet "HTTP/1.1 302 Found"
2026-08-21 17:35:54,841 - httpx - INFO - HTTP Request: HEAD https://huggingface.co/datasets/SWE-bench/SWE-bench_Lite/resolve/b0dde1093fe417d83b7184254edf8199c1f0dff5/data/dev-00000-of-00001.parquet "HTTP/1.1 302 Found"
Generating test split:   0%|          | 0/300 [00:00<?, ? examples/s]Generating test split: 100%|██████████| 300/300 [00:00<00:00, 21154.51 examples/s]
Generating dev split:   0%|          | 0/23 [00:00<?, ? examples/s]Generating dev split: 100%|██████████| 23/23 [00:00<00:00, 8179.50 examples/s]
2026-08-21 17:35:55,660 - httpx - INFO - HTTP Request: HEAD https://huggingface.co/datasets/SWE-bench/SWE-bench_Lite/resolve/main/README.md "HTTP/1.1 307 Temporary Redirect"
2026-08-21 17:35:55,672 - httpx - INFO - HTTP Request: HEAD https://huggingface.co/api/resolve-cache/datasets/SWE-bench/SWE-bench_Lite/b0dde1093fe417d83b7184254edf8199c1f0dff5/README.md "HTTP/1.1 200 OK"
2026-08-21 17:35:55,784 - httpx - INFO - HTTP Request: HEAD https://huggingface.co/datasets/SWE-bench/SWE-bench_Lite/resolve/b0dde1093fe417d83b7184254edf8199c1f0dff5/SWE-bench_Lite.py "HTTP/1.1 404 Not Found"
2026-08-21 17:35:55,875 - httpx - INFO - HTTP Request: HEAD https://s3.amazonaws.com/datasets.huggingface.co/datasets/datasets/SWE-bench/SWE-bench_Lite/SWE-bench/SWE-bench_Lite.py "HTTP/1.1 404 Not Found"
2026-08-21 17:35:55,990 - httpx - INFO - HTTP Request: HEAD https://huggingface.co/datasets/SWE-bench/SWE-bench_Lite/resolve/b0dde1093fe417d83b7184254edf8199c1f0dff5/.huggingface.yaml "HTTP/1.1 404 Not Found"
2026-08-21 17:35:56,114 - httpx - INFO - HTTP Request: GET https://datasets-server.huggingface.co/info?dataset=SWE-bench/SWE-bench_Lite "HTTP/1.1 200 OK"
2026-08-21 17:35:56,227 - httpx - INFO - HTTP Request: HEAD https://huggingface.co/datasets/SWE-bench/SWE-bench_Lite/resolve/b0dde1093fe417d83b7184254edf8199c1f0dff5/dataset_infos.json "HTTP/1.1 404 Not Found"
Evaluation:   0%|          | 0/1 [00:00<?, ?it/s, error=0, ✓=0, ✖=0]Evaluation:   0%|          | 0/1 [00:34<?, ?it/s, ✓=0, ✖=0, error=1]Evaluation: 100%|██████████| 1/1 [00:34<00:00, 34.42s/it, ✓=0, ✖=0, error=1]Evaluation: 100%|██████████| 1/1 [00:34<00:00, 34.42s/it, ✓=0, ✖=0, error=1]
