Running 1 instances...
All instances run.
Cleaning cached images...
Removed 0 images.
Total instances: 1
Instances submitted: 1
Instances completed: 1
Instances incomplete: 0
Instances resolved: 0
Instances unresolved: 1
Instances with empty patches: 0
Instances with errors: 0
Unstopped containers: 0
Unremoved images: 1
Report written to sweagent-output.modal-lite-second-instance-clean.json

STDERR:
<frozen runpy>:128: RuntimeWarning: 'swebench.harness.run_evaluation' found in sys.modules after import of package 'swebench.harness', but prior to execution of 'swebench.harness.run_evaluation'; this may result in unpredictable behaviour
2026-08-21 17:24:53,644 - httpx - INFO - HTTP Request: GET https://huggingface.co/api/agent-harnesses "HTTP/1.1 200 OK"
2026-08-21 17:24:53,667 - httpx - INFO - HTTP Request: HEAD https://huggingface.co/datasets/SWE-bench/SWE-bench_Lite/resolve/main/README.md "HTTP/1.1 307 Temporary Redirect"
Warning: You are sending unauthenticated requests to the HF Hub. Please set a HF_TOKEN to enable higher rate limits and faster downloads.
2026-08-21 17:24:53,667 - huggingface_hub.utils._http - WARNING - Warning: You are sending unauthenticated requests to the HF Hub. Please set a HF_TOKEN to enable higher rate limits and faster downloads.
2026-08-21 17:24:53,671 - httpx - INFO - HTTP Request: HEAD https://huggingface.co/api/resolve-cache/datasets/SWE-bench/SWE-bench_Lite/b0dde1093fe417d83b7184254edf8199c1f0dff5/README.md "HTTP/1.1 200 OK"
2026-08-21 17:24:53,676 - httpx - INFO - HTTP Request: GET https://huggingface.co/api/resolve-cache/datasets/SWE-bench/SWE-bench_Lite/b0dde1093fe417d83b7184254edf8199c1f0dff5/README.md "HTTP/1.1 200 OK"
2026-08-21 17:24:53,700 - httpx - INFO - HTTP Request: HEAD https://huggingface.co/datasets/SWE-bench/SWE-bench_Lite/resolve/b0dde1093fe417d83b7184254edf8199c1f0dff5/SWE-bench_Lite.py "HTTP/1.1 404 Not Found"
2026-08-21 17:24:53,744 - httpx - INFO - HTTP Request: HEAD https://s3.amazonaws.com/datasets.huggingface.co/datasets/datasets/SWE-bench/SWE-bench_Lite/SWE-bench/SWE-bench_Lite.py "HTTP/1.1 404 Not Found"
2026-08-21 17:24:53,790 - httpx - INFO - HTTP Request: GET https://huggingface.co/api/datasets/SWE-bench/SWE-bench_Lite/revision/b0dde1093fe417d83b7184254edf8199c1f0dff5 "HTTP/1.1 200 OK"
2026-08-21 17:24:53,813 - httpx - INFO - HTTP Request: HEAD https://huggingface.co/datasets/SWE-bench/SWE-bench_Lite/resolve/b0dde1093fe417d83b7184254edf8199c1f0dff5/.huggingface.yaml "HTTP/1.1 404 Not Found"
2026-08-21 17:24:53,865 - httpx - INFO - HTTP Request: GET https://datasets-server.huggingface.co/info?dataset=SWE-bench/SWE-bench_Lite "HTTP/1.1 200 OK"
2026-08-21 17:24:53,900 - httpx - INFO - HTTP Request: GET https://huggingface.co/api/datasets/SWE-bench/SWE-bench_Lite/tree/b0dde1093fe417d83b7184254edf8199c1f0dff5/data?recursive=true&expand=false "HTTP/1.1 200 OK"
2026-08-21 17:24:53,922 - httpx - INFO - HTTP Request: GET https://huggingface.co/api/datasets/SWE-bench/SWE-bench_Lite/tree/b0dde1093fe417d83b7184254edf8199c1f0dff5?recursive=false&expand=false "HTTP/1.1 200 OK"
2026-08-21 17:24:53,965 - httpx - INFO - HTTP Request: HEAD https://huggingface.co/datasets/SWE-bench/SWE-bench_Lite/resolve/b0dde1093fe417d83b7184254edf8199c1f0dff5/dataset_infos.json "HTTP/1.1 404 Not Found"
2026-08-21 17:24:53,993 - httpx - INFO - HTTP Request: HEAD https://huggingface.co/datasets/SWE-bench/SWE-bench_Lite/resolve/b0dde1093fe417d83b7184254edf8199c1f0dff5/data/test-00000-of-00001.parquet "HTTP/1.1 302 Found"
2026-08-21 17:24:54,381 - httpx - INFO - HTTP Request: HEAD https://huggingface.co/datasets/SWE-bench/SWE-bench_Lite/resolve/b0dde1093fe417d83b7184254edf8199c1f0dff5/data/dev-00000-of-00001.parquet "HTTP/1.1 302 Found"
Generating test split:   0%|          | 0/300 [00:00<?, ? examples/s]Generating test split: 100%|██████████| 300/300 [00:00<00:00, 12152.24 examples/s]
Generating dev split:   0%|          | 0/23 [00:00<?, ? examples/s]Generating dev split: 100%|██████████| 23/23 [00:00<00:00, 6298.16 examples/s]
2026-08-21 17:24:54,688 - httpx - INFO - HTTP Request: HEAD https://huggingface.co/datasets/SWE-bench/SWE-bench_Lite/resolve/main/README.md "HTTP/1.1 307 Temporary Redirect"
2026-08-21 17:24:54,693 - httpx - INFO - HTTP Request: HEAD https://huggingface.co/api/resolve-cache/datasets/SWE-bench/SWE-bench_Lite/b0dde1093fe417d83b7184254edf8199c1f0dff5/README.md "HTTP/1.1 200 OK"
2026-08-21 17:24:54,713 - httpx - INFO - HTTP Request: HEAD https://huggingface.co/datasets/SWE-bench/SWE-bench_Lite/resolve/b0dde1093fe417d83b7184254edf8199c1f0dff5/SWE-bench_Lite.py "HTTP/1.1 404 Not Found"
2026-08-21 17:24:54,729 - httpx - INFO - HTTP Request: HEAD https://s3.amazonaws.com/datasets.huggingface.co/datasets/datasets/SWE-bench/SWE-bench_Lite/SWE-bench/SWE-bench_Lite.py "HTTP/1.1 404 Not Found"
2026-08-21 17:24:54,753 - httpx - INFO - HTTP Request: HEAD https://huggingface.co/datasets/SWE-bench/SWE-bench_Lite/resolve/b0dde1093fe417d83b7184254edf8199c1f0dff5/.huggingface.yaml "HTTP/1.1 404 Not Found"
2026-08-21 17:24:54,787 - httpx - INFO - HTTP Request: GET https://datasets-server.huggingface.co/info?dataset=SWE-bench/SWE-bench_Lite "HTTP/1.1 200 OK"
2026-08-21 17:24:54,812 - httpx - INFO - HTTP Request: HEAD https://huggingface.co/datasets/SWE-bench/SWE-bench_Lite/resolve/b0dde1093fe417d83b7184254edf8199c1f0dff5/dataset_infos.json "HTTP/1.1 404 Not Found"
Evaluation:   0%|          | 0/1 [00:00<?, ?it/s, error=0, ✓=0, ✖=0]Evaluation:   0%|          | 0/1 [01:30<?, ?it/s, ✓=0, ✖=1, error=0]Evaluation: 100%|██████████| 1/1 [01:30<00:00, 90.42s/it, ✓=0, ✖=1, error=0]Evaluation: 100%|██████████| 1/1 [01:30<00:00, 90.42s/it, ✓=0, ✖=1, error=0]
