Running 1 instances...
All instances run.
Cleaning cached images...
Removed 0 images.
Total instances: 1
Instances submitted: 1
Instances completed: 1
Instances incomplete: 0
Instances resolved: 0
Instances unresolved: 1
Instances with empty patches: 0
Instances with errors: 0
Unstopped containers: 0
Unremoved images: 1
Report written to sweagent-output.modal-verified-control-tokens4096.json

STDERR:
<frozen runpy>:128: RuntimeWarning: 'swebench.harness.run_evaluation' found in sys.modules after import of package 'swebench.harness', but prior to execution of 'swebench.harness.run_evaluation'; this may result in unpredictable behaviour
2026-08-21 16:00:37,768 - httpx - INFO - HTTP Request: GET https://huggingface.co/api/agent-harnesses "HTTP/1.1 200 OK"
2026-08-21 16:00:37,795 - httpx - INFO - HTTP Request: HEAD https://huggingface.co/datasets/SWE-bench/SWE-bench_Verified/resolve/main/README.md "HTTP/1.1 307 Temporary Redirect"
Warning: You are sending unauthenticated requests to the HF Hub. Please set a HF_TOKEN to enable higher rate limits and faster downloads.
2026-08-21 16:00:37,796 - huggingface_hub.utils._http - WARNING - Warning: You are sending unauthenticated requests to the HF Hub. Please set a HF_TOKEN to enable higher rate limits and faster downloads.
2026-08-21 16:00:37,807 - httpx - INFO - HTTP Request: HEAD https://huggingface.co/api/resolve-cache/datasets/SWE-bench/SWE-bench_Verified/78f471bf655a3137b2e8a75af1501690ec009ec3/README.md "HTTP/1.1 200 OK"
2026-08-21 16:00:37,817 - httpx - INFO - HTTP Request: GET https://huggingface.co/api/resolve-cache/datasets/SWE-bench/SWE-bench_Verified/78f471bf655a3137b2e8a75af1501690ec009ec3/README.md "HTTP/1.1 200 OK"
2026-08-21 16:00:37,846 - httpx - INFO - HTTP Request: HEAD https://huggingface.co/datasets/SWE-bench/SWE-bench_Verified/resolve/78f471bf655a3137b2e8a75af1501690ec009ec3/SWE-bench_Verified.py "HTTP/1.1 404 Not Found"
2026-08-21 16:00:37,875 - httpx - INFO - HTTP Request: HEAD https://s3.amazonaws.com/datasets.huggingface.co/datasets/datasets/SWE-bench/SWE-bench_Verified/SWE-bench/SWE-bench_Verified.py "HTTP/1.1 404 Not Found"
2026-08-21 16:00:37,905 - httpx - INFO - HTTP Request: GET https://huggingface.co/api/datasets/SWE-bench/SWE-bench_Verified/revision/78f471bf655a3137b2e8a75af1501690ec009ec3 "HTTP/1.1 200 OK"
2026-08-21 16:00:37,932 - httpx - INFO - HTTP Request: HEAD https://huggingface.co/datasets/SWE-bench/SWE-bench_Verified/resolve/78f471bf655a3137b2e8a75af1501690ec009ec3/.huggingface.yaml "HTTP/1.1 404 Not Found"
2026-08-21 16:00:38,017 - httpx - INFO - HTTP Request: GET https://datasets-server.huggingface.co/info?dataset=SWE-bench/SWE-bench_Verified "HTTP/1.1 200 OK"
2026-08-21 16:00:38,046 - httpx - INFO - HTTP Request: GET https://huggingface.co/api/datasets/SWE-bench/SWE-bench_Verified/tree/78f471bf655a3137b2e8a75af1501690ec009ec3/data?recursive=true&expand=false "HTTP/1.1 200 OK"
2026-08-21 16:00:38,075 - httpx - INFO - HTTP Request: GET https://huggingface.co/api/datasets/SWE-bench/SWE-bench_Verified/tree/78f471bf655a3137b2e8a75af1501690ec009ec3?recursive=false&expand=false "HTTP/1.1 200 OK"
2026-08-21 16:00:38,132 - httpx - INFO - HTTP Request: HEAD https://huggingface.co/datasets/SWE-bench/SWE-bench_Verified/resolve/78f471bf655a3137b2e8a75af1501690ec009ec3/dataset_infos.json "HTTP/1.1 404 Not Found"
2026-08-21 16:00:38,178 - httpx - INFO - HTTP Request: HEAD https://huggingface.co/datasets/SWE-bench/SWE-bench_Verified/resolve/78f471bf655a3137b2e8a75af1501690ec009ec3/data/test-00000-of-00001.parquet "HTTP/1.1 302 Found"
Generating test split:   0%|          | 0/500 [00:00<?, ? examples/s]Generating test split: 100%|██████████| 500/500 [00:00<00:00, 11000.93 examples/s]
2026-08-21 16:00:38,743 - httpx - INFO - HTTP Request: HEAD https://huggingface.co/datasets/SWE-bench/SWE-bench_Verified/resolve/main/README.md "HTTP/1.1 307 Temporary Redirect"
2026-08-21 16:00:38,753 - httpx - INFO - HTTP Request: HEAD https://huggingface.co/api/resolve-cache/datasets/SWE-bench/SWE-bench_Verified/78f471bf655a3137b2e8a75af1501690ec009ec3/README.md "HTTP/1.1 200 OK"
2026-08-21 16:00:38,777 - httpx - INFO - HTTP Request: HEAD https://huggingface.co/datasets/SWE-bench/SWE-bench_Verified/resolve/78f471bf655a3137b2e8a75af1501690ec009ec3/SWE-bench_Verified.py "HTTP/1.1 404 Not Found"
2026-08-21 16:00:38,787 - httpx - INFO - HTTP Request: HEAD https://s3.amazonaws.com/datasets.huggingface.co/datasets/datasets/SWE-bench/SWE-bench_Verified/SWE-bench/SWE-bench_Verified.py "HTTP/1.1 404 Not Found"
2026-08-21 16:00:38,818 - httpx - INFO - HTTP Request: HEAD https://huggingface.co/datasets/SWE-bench/SWE-bench_Verified/resolve/78f471bf655a3137b2e8a75af1501690ec009ec3/.huggingface.yaml "HTTP/1.1 404 Not Found"
2026-08-21 16:00:38,856 - httpx - INFO - HTTP Request: GET https://datasets-server.huggingface.co/info?dataset=SWE-bench/SWE-bench_Verified "HTTP/1.1 200 OK"
2026-08-21 16:00:38,886 - httpx - INFO - HTTP Request: HEAD https://huggingface.co/datasets/SWE-bench/SWE-bench_Verified/resolve/78f471bf655a3137b2e8a75af1501690ec009ec3/dataset_infos.json "HTTP/1.1 404 Not Found"
Evaluation:   0%|          | 0/1 [00:00<?, ?it/s, error=0, ✓=0, ✖=0]Evaluation:   0%|          | 0/1 [01:29<?, ?it/s, ✓=0, ✖=1, error=0]Evaluation: 100%|██████████| 1/1 [01:29<00:00, 89.01s/it, ✓=0, ✖=1, error=0]Evaluation: 100%|██████████| 1/1 [01:29<00:00, 89.01s/it, ✓=0, ✖=1, error=0]
